{
    "-profile test_genotyping": {
        "content": [
            34,
            {
                "Workflow": {
                    "nf-core/airrflow": "v5.1.0"
                }
            },
            [
                "novel_alleles_and_genotyping",
                "novel_alleles_and_genotyping/01-novel_allele_inference",
                "novel_alleles_and_genotyping/01-novel_allele_inference/subject_A",
                "novel_alleles_and_genotyping/01-novel_allele_inference/subject_A/subject_A_novel_allele_inference_report",
                "novel_alleles_and_genotyping/01-novel_allele_inference/subject_A/subject_A_novel_allele_inference_report/assets",
                "novel_alleles_and_genotyping/01-novel_allele_inference/subject_A/subject_A_novel_allele_inference_report/assets/logo.png",
                "novel_alleles_and_genotyping/01-novel_allele_inference/subject_A/subject_A_novel_allele_inference_report/assets/style.css",
                "novel_alleles_and_genotyping/01-novel_allele_inference/subject_A/subject_A_novel_allele_inference_report/db_novel",
                "novel_alleles_and_genotyping/01-novel_allele_inference/subject_A/subject_A_novel_allele_inference_report/db_novel/human",
                "novel_alleles_and_genotyping/01-novel_allele_inference/subject_A/subject_A_novel_allele_inference_report/db_novel/human/vdj",
                "novel_alleles_and_genotyping/01-novel_allele_inference/subject_A/subject_A_novel_allele_inference_report/db_novel/human/vdj/imgt_human_IGHD.fasta",
                "novel_alleles_and_genotyping/01-novel_allele_inference/subject_A/subject_A_novel_allele_inference_report/db_novel/human/vdj/imgt_human_IGHJ.fasta",
                "novel_alleles_and_genotyping/01-novel_allele_inference/subject_A/subject_A_novel_allele_inference_report/db_novel/human/vdj/imgt_human_IGHV.fasta",
                "novel_alleles_and_genotyping/01-novel_allele_inference/subject_A/subject_A_novel_allele_inference_report/db_novel/human/vdj/imgt_human_IGKJ.fasta",
                "novel_alleles_and_genotyping/01-novel_allele_inference/subject_A/subject_A_novel_allele_inference_report/db_novel/human/vdj/imgt_human_IGKV.fasta",
                "novel_alleles_and_genotyping/01-novel_allele_inference/subject_A/subject_A_novel_allele_inference_report/db_novel/human/vdj/imgt_human_IGLJ.fasta",
                "novel_alleles_and_genotyping/01-novel_allele_inference/subject_A/subject_A_novel_allele_inference_report/db_novel/human/vdj/imgt_human_IGLV.fasta",
                "novel_alleles_and_genotyping/01-novel_allele_inference/subject_A/subject_A_novel_allele_inference_report/db_novel/human/vdj/imgt_human_TRAJ.fasta",
                "novel_alleles_and_genotyping/01-novel_allele_inference/subject_A/subject_A_novel_allele_inference_report/db_novel/human/vdj/imgt_human_TRAV.fasta",
                "novel_alleles_and_genotyping/01-novel_allele_inference/subject_A/subject_A_novel_allele_inference_report/db_novel/human/vdj/imgt_human_TRBD.fasta",
                "novel_alleles_and_genotyping/01-novel_allele_inference/subject_A/subject_A_novel_allele_inference_report/db_novel/human/vdj/imgt_human_TRBJ.fasta",
                "novel_alleles_and_genotyping/01-novel_allele_inference/subject_A/subject_A_novel_allele_inference_report/db_novel/human/vdj/imgt_human_TRBV.fasta",
                "novel_alleles_and_genotyping/01-novel_allele_inference/subject_A/subject_A_novel_allele_inference_report/db_novel/human/vdj/imgt_human_TRDD.fasta",
                "novel_alleles_and_genotyping/01-novel_allele_inference/subject_A/subject_A_novel_allele_inference_report/db_novel/human/vdj/imgt_human_TRDJ.fasta",
                "novel_alleles_and_genotyping/01-novel_allele_inference/subject_A/subject_A_novel_allele_inference_report/db_novel/human/vdj/imgt_human_TRDV.fasta",
                "novel_alleles_and_genotyping/01-novel_allele_inference/subject_A/subject_A_novel_allele_inference_report/db_novel/human/vdj/imgt_human_TRGJ.fasta",
                "novel_alleles_and_genotyping/01-novel_allele_inference/subject_A/subject_A_novel_allele_inference_report/db_novel/human/vdj/imgt_human_TRGV.fasta",
                "novel_alleles_and_genotyping/01-novel_allele_inference/subject_A/subject_A_novel_allele_inference_report/ggplots",
                "novel_alleles_and_genotyping/01-novel_allele_inference/subject_A/subject_A_novel_allele_inference_report/ggplots/novel-allele-1.RData",
                "novel_alleles_and_genotyping/01-novel_allele_inference/subject_A/subject_A_novel_allele_inference_report/index.html",
                "novel_alleles_and_genotyping/01-novel_allele_inference/subject_A/subject_A_novel_allele_inference_report/params.RData",
                "novel_alleles_and_genotyping/01-novel_allele_inference/subject_A/subject_A_novel_allele_inference_report/reference-keys.txt",
                "novel_alleles_and_genotyping/01-novel_allele_inference/subject_A/subject_A_novel_allele_inference_report/search_index.json",
                "novel_alleles_and_genotyping/01-novel_allele_inference/subject_A/subject_A_novel_allele_inference_report/subject_A_novel_allele_inference_command_log.txt",
                "novel_alleles_and_genotyping/01-novel_allele_inference/subject_A/subject_A_novel_allele_inference_report/tables",
                "novel_alleles_and_genotyping/01-novel_allele_inference/subject_A/subject_A_novel_allele_inference_report/tables/tigger-novel_novel_report.tsv",
                "novel_alleles_and_genotyping/01-novel_allele_inference/subject_A/subject_A_novel_allele_inference_report/tigger-novel_novel_allele_evidence.rda",
                "novel_alleles_and_genotyping/01-novel_allele_inference/subject_B",
                "novel_alleles_and_genotyping/01-novel_allele_inference/subject_B/subject_B_novel_allele_inference_report",
                "novel_alleles_and_genotyping/01-novel_allele_inference/subject_B/subject_B_novel_allele_inference_report/assets",
                "novel_alleles_and_genotyping/01-novel_allele_inference/subject_B/subject_B_novel_allele_inference_report/assets/logo.png",
                "novel_alleles_and_genotyping/01-novel_allele_inference/subject_B/subject_B_novel_allele_inference_report/assets/style.css",
                "novel_alleles_and_genotyping/01-novel_allele_inference/subject_B/subject_B_novel_allele_inference_report/db_novel",
                "novel_alleles_and_genotyping/01-novel_allele_inference/subject_B/subject_B_novel_allele_inference_report/db_novel/human",
                "novel_alleles_and_genotyping/01-novel_allele_inference/subject_B/subject_B_novel_allele_inference_report/db_novel/human/vdj",
                "novel_alleles_and_genotyping/01-novel_allele_inference/subject_B/subject_B_novel_allele_inference_report/db_novel/human/vdj/imgt_human_IGHD.fasta",
                "novel_alleles_and_genotyping/01-novel_allele_inference/subject_B/subject_B_novel_allele_inference_report/db_novel/human/vdj/imgt_human_IGHJ.fasta",
                "novel_alleles_and_genotyping/01-novel_allele_inference/subject_B/subject_B_novel_allele_inference_report/db_novel/human/vdj/imgt_human_IGHV.fasta",
                "novel_alleles_and_genotyping/01-novel_allele_inference/subject_B/subject_B_novel_allele_inference_report/db_novel/human/vdj/imgt_human_IGKJ.fasta",
                "novel_alleles_and_genotyping/01-novel_allele_inference/subject_B/subject_B_novel_allele_inference_report/db_novel/human/vdj/imgt_human_IGKV.fasta",
                "novel_alleles_and_genotyping/01-novel_allele_inference/subject_B/subject_B_novel_allele_inference_report/db_novel/human/vdj/imgt_human_IGLJ.fasta",
                "novel_alleles_and_genotyping/01-novel_allele_inference/subject_B/subject_B_novel_allele_inference_report/db_novel/human/vdj/imgt_human_IGLV.fasta",
                "novel_alleles_and_genotyping/01-novel_allele_inference/subject_B/subject_B_novel_allele_inference_report/db_novel/human/vdj/imgt_human_TRAJ.fasta",
                "novel_alleles_and_genotyping/01-novel_allele_inference/subject_B/subject_B_novel_allele_inference_report/db_novel/human/vdj/imgt_human_TRAV.fasta",
                "novel_alleles_and_genotyping/01-novel_allele_inference/subject_B/subject_B_novel_allele_inference_report/db_novel/human/vdj/imgt_human_TRBD.fasta",
                "novel_alleles_and_genotyping/01-novel_allele_inference/subject_B/subject_B_novel_allele_inference_report/db_novel/human/vdj/imgt_human_TRBJ.fasta",
                "novel_alleles_and_genotyping/01-novel_allele_inference/subject_B/subject_B_novel_allele_inference_report/db_novel/human/vdj/imgt_human_TRBV.fasta",
                "novel_alleles_and_genotyping/01-novel_allele_inference/subject_B/subject_B_novel_allele_inference_report/db_novel/human/vdj/imgt_human_TRDD.fasta",
                "novel_alleles_and_genotyping/01-novel_allele_inference/subject_B/subject_B_novel_allele_inference_report/db_novel/human/vdj/imgt_human_TRDJ.fasta",
                "novel_alleles_and_genotyping/01-novel_allele_inference/subject_B/subject_B_novel_allele_inference_report/db_novel/human/vdj/imgt_human_TRDV.fasta",
                "novel_alleles_and_genotyping/01-novel_allele_inference/subject_B/subject_B_novel_allele_inference_report/db_novel/human/vdj/imgt_human_TRGJ.fasta",
                "novel_alleles_and_genotyping/01-novel_allele_inference/subject_B/subject_B_novel_allele_inference_report/db_novel/human/vdj/imgt_human_TRGV.fasta",
                "novel_alleles_and_genotyping/01-novel_allele_inference/subject_B/subject_B_novel_allele_inference_report/ggplots",
                "novel_alleles_and_genotyping/01-novel_allele_inference/subject_B/subject_B_novel_allele_inference_report/ggplots/novel-allele-1.RData",
                "novel_alleles_and_genotyping/01-novel_allele_inference/subject_B/subject_B_novel_allele_inference_report/index.html",
                "novel_alleles_and_genotyping/01-novel_allele_inference/subject_B/subject_B_novel_allele_inference_report/params.RData",
                "novel_alleles_and_genotyping/01-novel_allele_inference/subject_B/subject_B_novel_allele_inference_report/reference-keys.txt",
                "novel_alleles_and_genotyping/01-novel_allele_inference/subject_B/subject_B_novel_allele_inference_report/search_index.json",
                "novel_alleles_and_genotyping/01-novel_allele_inference/subject_B/subject_B_novel_allele_inference_report/subject_B_novel_allele_inference_command_log.txt",
                "novel_alleles_and_genotyping/01-novel_allele_inference/subject_B/subject_B_novel_allele_inference_report/tables",
                "novel_alleles_and_genotyping/01-novel_allele_inference/subject_B/subject_B_novel_allele_inference_report/tables/tigger-novel_novel_report.tsv",
                "novel_alleles_and_genotyping/01-novel_allele_inference/subject_B/subject_B_novel_allele_inference_report/tigger-novel_novel_allele_evidence.rda",
                "pipeline_info",
                "pipeline_info/nf_core_airrflow_software_mqc_versions.yml",
                "pipeline_info/samplesheet.valid.tsv",
                "qc-filtering",
                "qc-filtering/bulk-qc-filtering",
                "qc-filtering/bulk-qc-filtering/04-collapse-duplicates",
                "qc-filtering/bulk-qc-filtering/04-collapse-duplicates/sample_A_collapse_command_log.txt",
                "qc-filtering/bulk-qc-filtering/04-collapse-duplicates/sample_A_collapse_report",
                "qc-filtering/bulk-qc-filtering/04-collapse-duplicates/sample_A_collapse_report/assets",
                "qc-filtering/bulk-qc-filtering/04-collapse-duplicates/sample_A_collapse_report/assets/logo.png",
                "qc-filtering/bulk-qc-filtering/04-collapse-duplicates/sample_A_collapse_report/assets/style.css",
                "qc-filtering/bulk-qc-filtering/04-collapse-duplicates/sample_A_collapse_report/index.html",
                "qc-filtering/bulk-qc-filtering/04-collapse-duplicates/sample_A_collapse_report/params.RData",
                "qc-filtering/bulk-qc-filtering/04-collapse-duplicates/sample_A_collapse_report/reference-keys.txt",
                "qc-filtering/bulk-qc-filtering/04-collapse-duplicates/sample_A_collapse_report/repertoires",
                "qc-filtering/bulk-qc-filtering/04-collapse-duplicates/sample_A_collapse_report/repertoires/sample_A_sample_A_collapse-pass.tsv",
                "qc-filtering/bulk-qc-filtering/04-collapse-duplicates/sample_A_collapse_report/search_index.json",
                "qc-filtering/bulk-qc-filtering/04-collapse-duplicates/sample_B_collapse_command_log.txt",
                "qc-filtering/bulk-qc-filtering/04-collapse-duplicates/sample_B_collapse_report",
                "qc-filtering/bulk-qc-filtering/04-collapse-duplicates/sample_B_collapse_report/assets",
                "qc-filtering/bulk-qc-filtering/04-collapse-duplicates/sample_B_collapse_report/assets/logo.png",
                "qc-filtering/bulk-qc-filtering/04-collapse-duplicates/sample_B_collapse_report/assets/style.css",
                "qc-filtering/bulk-qc-filtering/04-collapse-duplicates/sample_B_collapse_report/index.html",
                "qc-filtering/bulk-qc-filtering/04-collapse-duplicates/sample_B_collapse_report/params.RData",
                "qc-filtering/bulk-qc-filtering/04-collapse-duplicates/sample_B_collapse_report/reference-keys.txt",
                "qc-filtering/bulk-qc-filtering/04-collapse-duplicates/sample_B_collapse_report/repertoires",
                "qc-filtering/bulk-qc-filtering/04-collapse-duplicates/sample_B_collapse_report/repertoires/sample_B_sample_B_collapse-pass.tsv",
                "qc-filtering/bulk-qc-filtering/04-collapse-duplicates/sample_B_collapse_report/search_index.json",
                "qc-filtering/bulk-qc-filtering/04-collapse-duplicates/sample_C_collapse_command_log.txt",
                "qc-filtering/bulk-qc-filtering/04-collapse-duplicates/sample_C_collapse_report",
                "qc-filtering/bulk-qc-filtering/04-collapse-duplicates/sample_C_collapse_report/assets",
                "qc-filtering/bulk-qc-filtering/04-collapse-duplicates/sample_C_collapse_report/assets/logo.png",
                "qc-filtering/bulk-qc-filtering/04-collapse-duplicates/sample_C_collapse_report/assets/style.css",
                "qc-filtering/bulk-qc-filtering/04-collapse-duplicates/sample_C_collapse_report/index.html",
                "qc-filtering/bulk-qc-filtering/04-collapse-duplicates/sample_C_collapse_report/params.RData",
                "qc-filtering/bulk-qc-filtering/04-collapse-duplicates/sample_C_collapse_report/reference-keys.txt",
                "qc-filtering/bulk-qc-filtering/04-collapse-duplicates/sample_C_collapse_report/repertoires",
                "qc-filtering/bulk-qc-filtering/04-collapse-duplicates/sample_C_collapse_report/repertoires/sample_C_sample_C_collapse-pass.tsv",
                "qc-filtering/bulk-qc-filtering/04-collapse-duplicates/sample_C_collapse_report/search_index.json",
                "validated_input",
                "validated_input/validate_input_report",
                "validated_input/validate_input_report/validated_input.tsv",
                "validated_input/validate_input_report/validated_input_not-valid.tsv",
                "vdj_annotation",
                "vdj_annotation/01-assign-genes",
                "vdj_annotation/01-assign-genes/sample_A",
                "vdj_annotation/01-assign-genes/sample_A/sample_A_changeo_assigngenes_command_log.txt",
                "vdj_annotation/01-assign-genes/sample_A/sample_A_igblast.fmt7",
                "vdj_annotation/01-assign-genes/sample_A/sample_A_sequences.fasta",
                "vdj_annotation/01-assign-genes/sample_B",
                "vdj_annotation/01-assign-genes/sample_B/sample_B_changeo_assigngenes_command_log.txt",
                "vdj_annotation/01-assign-genes/sample_B/sample_B_igblast.fmt7",
                "vdj_annotation/01-assign-genes/sample_B/sample_B_sequences.fasta",
                "vdj_annotation/01-assign-genes/sample_C",
                "vdj_annotation/01-assign-genes/sample_C/sample_C_changeo_assigngenes_command_log.txt",
                "vdj_annotation/01-assign-genes/sample_C/sample_C_igblast.fmt7",
                "vdj_annotation/01-assign-genes/sample_C/sample_C_sequences.fasta",
                "vdj_annotation/02-make-db",
                "vdj_annotation/02-make-db/sample_A",
                "vdj_annotation/02-make-db/sample_A/sample_A_db-pass.tsv",
                "vdj_annotation/02-make-db/sample_A/sample_A_makedb_command_log.txt",
                "vdj_annotation/02-make-db/sample_B",
                "vdj_annotation/02-make-db/sample_B/sample_B_db-pass.tsv",
                "vdj_annotation/02-make-db/sample_B/sample_B_makedb_command_log.txt",
                "vdj_annotation/02-make-db/sample_C",
                "vdj_annotation/02-make-db/sample_C/sample_C_db-pass.tsv",
                "vdj_annotation/02-make-db/sample_C/sample_C_makedb_command_log.txt",
                "vdj_annotation/03-quality-filter",
                "vdj_annotation/03-quality-filter/sample_A",
                "vdj_annotation/03-quality-filter/sample_A/sample_A_fq_command_log.txt",
                "vdj_annotation/03-quality-filter/sample_A/sample_A_quality-pass.tsv",
                "vdj_annotation/03-quality-filter/sample_B",
                "vdj_annotation/03-quality-filter/sample_B/sample_B_fq_command_log.txt",
                "vdj_annotation/03-quality-filter/sample_B/sample_B_quality-pass.tsv",
                "vdj_annotation/03-quality-filter/sample_C",
                "vdj_annotation/03-quality-filter/sample_C/sample_C_fq_command_log.txt",
                "vdj_annotation/03-quality-filter/sample_C/sample_C_quality-pass.tsv",
                "vdj_annotation/04-select-productive",
                "vdj_annotation/04-select-productive/sample_A",
                "vdj_annotation/04-select-productive/sample_A/sample_A_productive-F.tsv",
                "vdj_annotation/04-select-productive/sample_A/sample_A_productive-T.tsv",
                "vdj_annotation/04-select-productive/sample_A/sample_A_split_command_log.txt",
                "vdj_annotation/04-select-productive/sample_B",
                "vdj_annotation/04-select-productive/sample_B/sample_B_productive-F.tsv",
                "vdj_annotation/04-select-productive/sample_B/sample_B_productive-T.tsv",
                "vdj_annotation/04-select-productive/sample_B/sample_B_split_command_log.txt",
                "vdj_annotation/04-select-productive/sample_C",
                "vdj_annotation/04-select-productive/sample_C/sample_C_productive-F.tsv",
                "vdj_annotation/04-select-productive/sample_C/sample_C_productive-T.tsv",
                "vdj_annotation/04-select-productive/sample_C/sample_C_split_command_log.txt",
                "vdj_annotation/05-select-junction-mod3",
                "vdj_annotation/05-select-junction-mod3/sample_A",
                "vdj_annotation/05-select-junction-mod3/sample_A/sample_A_jmod3_command_log.txt",
                "vdj_annotation/05-select-junction-mod3/sample_A/sample_A_junction-pass.tsv",
                "vdj_annotation/05-select-junction-mod3/sample_B",
                "vdj_annotation/05-select-junction-mod3/sample_B/sample_B_jmod3_command_log.txt",
                "vdj_annotation/05-select-junction-mod3/sample_B/sample_B_junction-pass.tsv",
                "vdj_annotation/05-select-junction-mod3/sample_C",
                "vdj_annotation/05-select-junction-mod3/sample_C/sample_C_jmod3_command_log.txt",
                "vdj_annotation/05-select-junction-mod3/sample_C/sample_C_junction-pass.tsv",
                "vdj_annotation/06-annotate-metadata",
                "vdj_annotation/06-annotate-metadata/sample_A",
                "vdj_annotation/06-annotate-metadata/sample_A/sample_A_add-meta_command_log.txt",
                "vdj_annotation/06-annotate-metadata/sample_A/sample_A_meta-pass.tsv",
                "vdj_annotation/06-annotate-metadata/sample_B",
                "vdj_annotation/06-annotate-metadata/sample_B/sample_B_add-meta_command_log.txt",
                "vdj_annotation/06-annotate-metadata/sample_B/sample_B_meta-pass.tsv",
                "vdj_annotation/06-annotate-metadata/sample_C",
                "vdj_annotation/06-annotate-metadata/sample_C/sample_C_add-meta_command_log.txt",
                "vdj_annotation/06-annotate-metadata/sample_C/sample_C_meta-pass.tsv",
                "vdj_annotation/convert-db",
                "vdj_annotation/convert-db/sample_A",
                "vdj_annotation/convert-db/sample_A/sample_A_convertdb_command_log.txt",
                "vdj_annotation/convert-db/sample_A/sample_A_sequences.fasta",
                "vdj_annotation/convert-db/sample_B",
                "vdj_annotation/convert-db/sample_B/sample_B_convertdb_command_log.txt",
                "vdj_annotation/convert-db/sample_B/sample_B_sequences.fasta",
                "vdj_annotation/convert-db/sample_C",
                "vdj_annotation/convert-db/sample_C/sample_C_convertdb_command_log.txt",
                "vdj_annotation/convert-db/sample_C/sample_C_sequences.fasta"
            ],
            [
                "style.css:md5,d0833d790556369103776a429102fedf",
                "subject_A_novel_allele_inference_command_log.txt:md5,3d18584fb4b8329b797b00f89fc8c3b5",
                "tigger-novel_novel_allele_evidence.rda:md5,f5617787ae324f524928cee22698cf61",
                "style.css:md5,d0833d790556369103776a429102fedf",
                "subject_B_novel_allele_inference_command_log.txt:md5,5bffdbfd020d3a1383dd92e90cbcbb29",
                "tigger-novel_novel_allele_evidence.rda:md5,84a72f643475fc0165aaf93e6e2a65a2",
                "sample_A_collapse_command_log.txt:md5,93f994bc3f0873d1fae9628d22e239e6",
                "style.css:md5,d0833d790556369103776a429102fedf",
                "sample_B_collapse_command_log.txt:md5,b9ec44a26356378852c56a0877cd4fae",
                "style.css:md5,d0833d790556369103776a429102fedf",
                "sample_C_collapse_command_log.txt:md5,ce304d2006be6c5db7eaf82f89122128",
                "style.css:md5,d0833d790556369103776a429102fedf",
                "sample_A_fq_command_log.txt:md5,e4ae9b80415ad43ace45446f5beac40a",
                "sample_B_fq_command_log.txt:md5,c434e069e4393136c9cb7e585c1aacb4",
                "sample_C_fq_command_log.txt:md5,d6b438bf1a6c516f6d385a37b2a389ad",
                "sample_A_jmod3_command_log.txt:md5,2d8a2b9df9e80c47b72ffacfbb5059ec",
                "sample_B_jmod3_command_log.txt:md5,1ca5c74b870b758cf41e720eed4be75f",
                "sample_C_jmod3_command_log.txt:md5,518af3f5a23fa7259f1bfe1349c685f2",
                "sample_A_add-meta_command_log.txt:md5,5e35bae46535068c0d773ee01a536b65",
                "sample_B_add-meta_command_log.txt:md5,5ac8fcd6fac3bb4901d9ca3c3991fdf7",
                "sample_C_add-meta_command_log.txt:md5,fab8a6e0ae5a517b47325df5161e8e55"
            ],
            "/home/huimin/airrflow/.nf-test/tests/badc5393943213152fd06e3cbf17a5a3/output/repertoire_comparison/Sequence_numbers_summary/Table_sequences_assembled.tsv"
        ],
        "timestamp": "2026-09-04T16:06:27.550571035",
        "meta": {
            "nf-test": "0.9.5",
            "nextflow": "26.04.4"
        }
    }
}