{
    "-profile test_assembled_hs": {
        "content": [
            23,
            {
                "Workflow": {
                    "nf-core/airrflow": "v5.1.0"
                }
            },
            [
                "pipeline_info",
                "pipeline_info/nf_core_airrflow_software_mqc_versions.yml",
                "pipeline_info/samplesheet.valid.tsv",
                "qc-filtering",
                "qc-filtering/bulk-qc-filtering",
                "qc-filtering/bulk-qc-filtering/01-create-germlines",
                "qc-filtering/bulk-qc-filtering/01-create-germlines/PGP1",
                "qc-filtering/bulk-qc-filtering/01-create-germlines/PGP1/PGP1_create-germlines_command_log.txt",
                "qc-filtering/bulk-qc-filtering/01-create-germlines/PGP1/PGP1_germ-pass.tsv",
                "qc-filtering/bulk-qc-filtering/02-chimera-filter",
                "qc-filtering/bulk-qc-filtering/02-chimera-filter/PGP1",
                "qc-filtering/bulk-qc-filtering/02-chimera-filter/PGP1/PGP1_chimera-pass.tsv.gz",
                "qc-filtering/bulk-qc-filtering/02-chimera-filter/PGP1/PGP1_chimera_report",
                "qc-filtering/bulk-qc-filtering/02-chimera-filter/PGP1/PGP1_chimera_report/assets",
                "qc-filtering/bulk-qc-filtering/02-chimera-filter/PGP1/PGP1_chimera_report/assets/logo.png",
                "qc-filtering/bulk-qc-filtering/02-chimera-filter/PGP1/PGP1_chimera_report/assets/style.css",
                "qc-filtering/bulk-qc-filtering/02-chimera-filter/PGP1/PGP1_chimera_report/index.html",
                "qc-filtering/bulk-qc-filtering/02-chimera-filter/PGP1/PGP1_chimera_report/params.RData",
                "qc-filtering/bulk-qc-filtering/02-chimera-filter/PGP1/PGP1_chimera_report/reference-keys.txt",
                "qc-filtering/bulk-qc-filtering/02-chimera-filter/PGP1/PGP1_chimera_report/search_index.json",
                "qc-filtering/bulk-qc-filtering/02-chimera-filter/PGP1/PGP1_chimeric_command_log.txt",
                "qc-filtering/single-cell-qc",
                "qc-filtering/single-cell-qc/all_reps_scqc_command_log.txt",
                "qc-filtering/single-cell-qc/all_reps_scqc_report",
                "qc-filtering/single-cell-qc/all_reps_scqc_report/assets",
                "qc-filtering/single-cell-qc/all_reps_scqc_report/assets/logo.png",
                "qc-filtering/single-cell-qc/all_reps_scqc_report/assets/style.css",
                "qc-filtering/single-cell-qc/all_reps_scqc_report/ggplots",
                "qc-filtering/single-cell-qc/all_reps_scqc_report/ggplots/p-seqs-per-cell.RData",
                "qc-filtering/single-cell-qc/all_reps_scqc_report/index.html",
                "qc-filtering/single-cell-qc/all_reps_scqc_report/params.RData",
                "qc-filtering/single-cell-qc/all_reps_scqc_report/reference-keys.txt",
                "qc-filtering/single-cell-qc/all_reps_scqc_report/repertoires",
                "qc-filtering/single-cell-qc/all_reps_scqc_report/repertoires/sc5p_v2_hs_PBMC_1k_5fb__scqc-pass.tsv.gz",
                "qc-filtering/single-cell-qc/all_reps_scqc_report/search_index.json",
                "validated_input",
                "validated_input/validate_input_report",
                "validated_input/validate_input_report/validated_input.tsv",
                "vdj_annotation",
                "vdj_annotation/01-assign-genes",
                "vdj_annotation/01-assign-genes/PGP1",
                "vdj_annotation/01-assign-genes/PGP1/PGP1.fasta",
                "vdj_annotation/01-assign-genes/PGP1/PGP1_changeo_assigngenes_command_log.txt",
                "vdj_annotation/01-assign-genes/PGP1/PGP1_igblast.fmt7",
                "vdj_annotation/01-assign-genes/sc5p_v2_hs_PBMC_1k_5fb",
                "vdj_annotation/01-assign-genes/sc5p_v2_hs_PBMC_1k_5fb/sc5p_v2_hs_PBMC_1k_5fb_changeo_assigngenes_command_log.txt",
                "vdj_annotation/01-assign-genes/sc5p_v2_hs_PBMC_1k_5fb/sc5p_v2_hs_PBMC_1k_5fb_igblast.fmt7",
                "vdj_annotation/01-assign-genes/sc5p_v2_hs_PBMC_1k_5fb/sc5p_v2_hs_PBMC_1k_5fb_sequences.fasta",
                "vdj_annotation/02-make-db",
                "vdj_annotation/02-make-db/PGP1",
                "vdj_annotation/02-make-db/PGP1/PGP1_db-pass.tsv",
                "vdj_annotation/02-make-db/PGP1/PGP1_makedb_command_log.txt",
                "vdj_annotation/02-make-db/sc5p_v2_hs_PBMC_1k_5fb",
                "vdj_annotation/02-make-db/sc5p_v2_hs_PBMC_1k_5fb/sc5p_v2_hs_PBMC_1k_5fb_db-pass.tsv",
                "vdj_annotation/02-make-db/sc5p_v2_hs_PBMC_1k_5fb/sc5p_v2_hs_PBMC_1k_5fb_makedb_command_log.txt",
                "vdj_annotation/03-quality-filter",
                "vdj_annotation/03-quality-filter/PGP1",
                "vdj_annotation/03-quality-filter/PGP1/PGP1_fq_command_log.txt",
                "vdj_annotation/03-quality-filter/PGP1/PGP1_quality-pass.tsv",
                "vdj_annotation/03-quality-filter/sc5p_v2_hs_PBMC_1k_5fb",
                "vdj_annotation/03-quality-filter/sc5p_v2_hs_PBMC_1k_5fb/sc5p_v2_hs_PBMC_1k_5fb_fq_command_log.txt",
                "vdj_annotation/03-quality-filter/sc5p_v2_hs_PBMC_1k_5fb/sc5p_v2_hs_PBMC_1k_5fb_quality-pass.tsv",
                "vdj_annotation/04-select-productive",
                "vdj_annotation/04-select-productive/PGP1",
                "vdj_annotation/04-select-productive/PGP1/PGP1_productive-F.tsv",
                "vdj_annotation/04-select-productive/PGP1/PGP1_productive-T.tsv",
                "vdj_annotation/04-select-productive/PGP1/PGP1_split_command_log.txt",
                "vdj_annotation/04-select-productive/sc5p_v2_hs_PBMC_1k_5fb",
                "vdj_annotation/04-select-productive/sc5p_v2_hs_PBMC_1k_5fb/sc5p_v2_hs_PBMC_1k_5fb_productive-T.tsv",
                "vdj_annotation/04-select-productive/sc5p_v2_hs_PBMC_1k_5fb/sc5p_v2_hs_PBMC_1k_5fb_split_command_log.txt",
                "vdj_annotation/05-select-junction-mod3",
                "vdj_annotation/05-select-junction-mod3/PGP1",
                "vdj_annotation/05-select-junction-mod3/PGP1/PGP1_jmod3_command_log.txt",
                "vdj_annotation/05-select-junction-mod3/PGP1/PGP1_junction-pass.tsv",
                "vdj_annotation/05-select-junction-mod3/sc5p_v2_hs_PBMC_1k_5fb",
                "vdj_annotation/05-select-junction-mod3/sc5p_v2_hs_PBMC_1k_5fb/sc5p_v2_hs_PBMC_1k_5fb_jmod3_command_log.txt",
                "vdj_annotation/05-select-junction-mod3/sc5p_v2_hs_PBMC_1k_5fb/sc5p_v2_hs_PBMC_1k_5fb_junction-pass.tsv",
                "vdj_annotation/06-annotate-metadata",
                "vdj_annotation/06-annotate-metadata/PGP1",
                "vdj_annotation/06-annotate-metadata/PGP1/PGP1_add-meta_command_log.txt",
                "vdj_annotation/06-annotate-metadata/PGP1/PGP1_meta-pass.tsv",
                "vdj_annotation/06-annotate-metadata/sc5p_v2_hs_PBMC_1k_5fb",
                "vdj_annotation/06-annotate-metadata/sc5p_v2_hs_PBMC_1k_5fb/sc5p_v2_hs_PBMC_1k_5fb_add-meta_command_log.txt",
                "vdj_annotation/06-annotate-metadata/sc5p_v2_hs_PBMC_1k_5fb/sc5p_v2_hs_PBMC_1k_5fb_meta-pass.tsv",
                "vdj_annotation/convert-db",
                "vdj_annotation/convert-db/sc5p_v2_hs_PBMC_1k_5fb",
                "vdj_annotation/convert-db/sc5p_v2_hs_PBMC_1k_5fb/sc5p_v2_hs_PBMC_1k_5fb_convertdb_command_log.txt",
                "vdj_annotation/convert-db/sc5p_v2_hs_PBMC_1k_5fb/sc5p_v2_hs_PBMC_1k_5fb_sequences.fasta"
            ],
            [
                "PGP1_chimera-pass.tsv.gz:md5,be110a74bd26672c218332d6115ad064",
                "style.css:md5,d0833d790556369103776a429102fedf",
                "PGP1_chimeric_command_log.txt:md5,d3c6db69f22997140c9a6971987abccf",
                "all_reps_scqc_command_log.txt:md5,ca15dfaba65daa829e429beeb65af45c",
                "style.css:md5,d0833d790556369103776a429102fedf",
                "sc5p_v2_hs_PBMC_1k_5fb__scqc-pass.tsv.gz:md5,3b4aa3602f47529f434d5c67b90a00b9",
                "PGP1_fq_command_log.txt:md5,17f839dbeba1498f9d6218772b589a06",
                "sc5p_v2_hs_PBMC_1k_5fb_fq_command_log.txt:md5,8db38744bc61ae45e3fe133efcc7761f",
                "PGP1_jmod3_command_log.txt:md5,813795c3d2537b1804963709c81696b0",
                "sc5p_v2_hs_PBMC_1k_5fb_jmod3_command_log.txt:md5,3e8671ce536a5ad0c66ade5cde940054",
                "PGP1_add-meta_command_log.txt:md5,1b89785869ec1755fc89f459a1d2f2a2",
                "sc5p_v2_hs_PBMC_1k_5fb_add-meta_command_log.txt:md5,675e83b0cdcfa384e317fe8197109afb"
            ],
            "/home/huimin/airrflow/.nf-test/tests/ab0e923695e9ac1a1c4a933fa8a6dd77/output/repertoire_comparison/Sequence_numbers_summary/Table_sequences_assembled.tsv"
        ],
        "timestamp": "2026-09-04T15:42:34.244150121",
        "meta": {
            "nf-test": "0.9.5",
            "nextflow": "26.04.4"
        }
    }
}